12:41:59 | INFO    | 🚀 Avvio training sul dispositivo: CUDA
12:42:02 | INFO    | Inizializzazione della rete BERT_NER...
Some weights of BertForTokenClassification were not initialized from the model checkpoint at bert-base-cased and are newly initialized: ['classifier.bias', 'classifier.weight']
You should probably TRAIN this model on a down-stream task to be able to use it for predictions and inference.
12:42:25 | INFO    | Inizio Addestramento per 25 epoche...
12:42:27 | INFO    | Epoca [01/25] - Train Loss: 0.5748 | Val Loss: 0.3817
12:42:27 | INFO    | ✨ Validation Loss migliorata (inf -> 0.3817). Salvataggio modello in corso...
12:42:28 | INFO    | Epoca [02/25] - Train Loss: 0.1237 | Val Loss: 0.4471
12:42:29 | INFO    | Epoca [03/25] - Train Loss: 0.0591 | Val Loss: 0.4607
12:42:30 | INFO    | Epoca [04/25] - Train Loss: 0.0353 | Val Loss: 0.3537
12:42:30 | INFO    | ✨ Validation Loss migliorata (0.3817 -> 0.3537). Salvataggio modello in corso...
12:42:32 | INFO    | Epoca [05/25] - Train Loss: 0.0202 | Val Loss: 0.3556
12:42:33 | INFO    | Epoca [06/25] - Train Loss: 0.0123 | Val Loss: 0.3927
12:42:34 | INFO    | Epoca [07/25] - Train Loss: 0.0089 | Val Loss: 0.4444
12:42:36 | INFO    | Epoca [08/25] - Train Loss: 0.0086 | Val Loss: 0.3763
12:42:37 | INFO    | Epoca [09/25] - Train Loss: 0.0050 | Val Loss: 0.3806
12:42:38 | INFO    | Epoca [10/25] - Train Loss: 0.0039 | Val Loss: 0.3994
12:42:41 | INFO    | Epoca [11/25] - Train Loss: 0.0018 | Val Loss: 0.4386
12:42:42 | INFO    | Epoca [12/25] - Train Loss: 0.0013 | Val Loss: 0.4170
12:42:43 | INFO    | Epoca [13/25] - Train Loss: 0.0011 | Val Loss: 0.4395
12:42:45 | INFO    | Epoca [14/25] - Train Loss: 0.0009 | Val Loss: 0.4707
12:42:46 | INFO    | Epoca [15/25] - Train Loss: 0.0009 | Val Loss: 0.4849
12:42:47 | INFO    | Epoca [16/25] - Train Loss: 0.0007 | Val Loss: 0.4693
12:42:48 | INFO    | Epoca [17/25] - Train Loss: 0.0008 | Val Loss: 0.6337
12:42:50 | INFO    | Epoca [18/25] - Train Loss: 0.0023 | Val Loss: 0.3965
12:42:51 | INFO    | Epoca [19/25] - Train Loss: 0.0086 | Val Loss: 0.4454
12:42:52 | INFO    | Epoca [20/25] - Train Loss: 0.0033 | Val Loss: 0.3598
12:42:53 | INFO    | Epoca [21/25] - Train Loss: 0.0014 | Val Loss: 0.3623
12:42:55 | INFO    | Epoca [22/25] - Train Loss: 0.0006 | Val Loss: 0.4226
12:42:56 | INFO    | Epoca [23/25] - Train Loss: 0.0009 | Val Loss: 0.4695
12:42:57 | INFO    | Epoca [24/25] - Train Loss: 0.0009 | Val Loss: 0.4449
12:42:59 | INFO    | Epoca [25/25] - Train Loss: 0.0009 | Val Loss: 0.5985
12:43:04 | INFO    | Modello finale salvato su /mnt/g/File/File_Casuali/uni/magistrale/secondo_anno/NLP/NLPExam/pipeline_exam/models/bert_ner_model.pth (Basato sulla migliore Val Loss: 0.3537)
12:43:04 | INFO    | 
Pipeline Step03 summary:
- Model ID: bert_ner
- HuggingFace API Key Setted: YES
- Train Dataset Path: /mnt/g/File/File_Casuali/uni/magistrale/secondo_anno/NLP/NLPExam/pipeline_exam/data/processed/perizie_bio_train.tsv
- Val Dataset Path: /mnt/g/File/File_Casuali/uni/magistrale/secondo_anno/NLP/NLPExam/pipeline_exam/data/processed/perizie_bio_val.tsv
- Vocabulary Path: /mnt/g/File/File_Casuali/uni/magistrale/secondo_anno/NLP/NLPExam/pipeline_exam/data/processed/vocab.pkl
- Output Model Path: /mnt/g/File/File_Casuali/uni/magistrale/secondo_anno/NLP/NLPExam/pipeline_exam/models/bert_ner_model.pth
- Epochs: 25
- Batch Size: 16
- Learning Rate: 2e-05
- Device: CUDA
- Final Train Loss: 0.0009
- Best Validation Loss: 0.3537
