12:41:31 | INFO    | 🚀 Avvio training sul dispositivo: CUDA
12:41:31 | INFO    | Inizializzazione della rete BILSTM...
12:41:31 | INFO    | Inizio Addestramento per 25 epoche...
12:41:31 | INFO    | Epoca [01/25] - Train Loss: 0.7599 | Val Loss: 0.4193
12:41:31 | INFO    | ✨ Validation Loss migliorata (inf -> 0.4193). Salvataggio modello in corso...
12:41:32 | INFO    | Epoca [02/25] - Train Loss: 0.2570 | Val Loss: 0.2487
12:41:32 | INFO    | ✨ Validation Loss migliorata (0.4193 -> 0.2487). Salvataggio modello in corso...
12:41:32 | INFO    | Epoca [03/25] - Train Loss: 0.1224 | Val Loss: 0.1887
12:41:32 | INFO    | ✨ Validation Loss migliorata (0.2487 -> 0.1887). Salvataggio modello in corso...
12:41:33 | INFO    | Epoca [04/25] - Train Loss: 0.0832 | Val Loss: 0.1699
12:41:33 | INFO    | ✨ Validation Loss migliorata (0.1887 -> 0.1699). Salvataggio modello in corso...
12:41:33 | INFO    | Epoca [05/25] - Train Loss: 0.0569 | Val Loss: 0.1629
12:41:33 | INFO    | ✨ Validation Loss migliorata (0.1699 -> 0.1629). Salvataggio modello in corso...
12:41:33 | INFO    | Epoca [06/25] - Train Loss: 0.0362 | Val Loss: 0.1563
12:41:33 | INFO    | ✨ Validation Loss migliorata (0.1629 -> 0.1563). Salvataggio modello in corso...
12:41:33 | INFO    | Epoca [07/25] - Train Loss: 0.0228 | Val Loss: 0.1631
12:41:33 | INFO    | Epoca [08/25] - Train Loss: 0.0172 | Val Loss: 0.1601
12:41:34 | INFO    | Epoca [09/25] - Train Loss: 0.0118 | Val Loss: 0.1621
12:41:34 | INFO    | Epoca [10/25] - Train Loss: 0.0084 | Val Loss: 0.1692
12:41:34 | INFO    | Epoca [11/25] - Train Loss: 0.0045 | Val Loss: 0.1744
12:41:34 | INFO    | Epoca [12/25] - Train Loss: 0.0031 | Val Loss: 0.1740
12:41:34 | INFO    | Epoca [13/25] - Train Loss: 0.0022 | Val Loss: 0.1882
12:41:34 | INFO    | Epoca [14/25] - Train Loss: 0.0017 | Val Loss: 0.1883
12:41:34 | INFO    | Epoca [15/25] - Train Loss: 0.0014 | Val Loss: 0.1875
12:41:34 | INFO    | Epoca [16/25] - Train Loss: 0.0012 | Val Loss: 0.1948
12:41:34 | INFO    | Epoca [17/25] - Train Loss: 0.0010 | Val Loss: 0.1930
12:41:34 | INFO    | Epoca [18/25] - Train Loss: 0.0009 | Val Loss: 0.1930
12:41:34 | INFO    | Epoca [19/25] - Train Loss: 0.0008 | Val Loss: 0.2020
12:41:35 | INFO    | Epoca [20/25] - Train Loss: 0.0006 | Val Loss: 0.2024
12:41:35 | INFO    | Epoca [21/25] - Train Loss: 0.0006 | Val Loss: 0.2044
12:41:35 | INFO    | Epoca [22/25] - Train Loss: 0.0005 | Val Loss: 0.2094
12:41:35 | INFO    | Epoca [23/25] - Train Loss: 0.0005 | Val Loss: 0.2071
12:41:35 | INFO    | Epoca [24/25] - Train Loss: 0.0004 | Val Loss: 0.2157
12:41:35 | INFO    | Epoca [25/25] - Train Loss: 0.0004 | Val Loss: 0.2126
12:41:35 | INFO    | Modello finale salvato su /mnt/g/File/File_Casuali/uni/magistrale/secondo_anno/NLP/NLPExam/pipeline_exam/models/bilstm_model.pth (Basato sulla migliore Val Loss: 0.1563)
12:41:35 | INFO    | 
Pipeline Step03 summary:
- Model ID: bilstm
- HuggingFace API Key Setted: YES
- Train Dataset Path: /mnt/g/File/File_Casuali/uni/magistrale/secondo_anno/NLP/NLPExam/pipeline_exam/data/processed/perizie_bio_train.tsv
- Val Dataset Path: /mnt/g/File/File_Casuali/uni/magistrale/secondo_anno/NLP/NLPExam/pipeline_exam/data/processed/perizie_bio_val.tsv
- Vocabulary Path: /mnt/g/File/File_Casuali/uni/magistrale/secondo_anno/NLP/NLPExam/pipeline_exam/data/processed/vocab.pkl
- Output Model Path: /mnt/g/File/File_Casuali/uni/magistrale/secondo_anno/NLP/NLPExam/pipeline_exam/models/bilstm_model.pth
- Epochs: 25
- Batch Size: 16
- Learning Rate: 0.001
- Device: CUDA
- Final Train Loss: 0.0004
- Best Validation Loss: 0.1563
