12:36:29 | INFO    | 🚀 Avvio training sul dispositivo: CUDA
12:36:29 | INFO    | Inizializzazione della rete BILSTM...
12:36:29 | INFO    | Inizio Addestramento per 25 epoche...
12:36:29 | INFO    | Epoca [01/25] - Loss Media: 0.7842
12:36:31 | INFO    | Epoca [02/25] - Loss Media: 0.2684
12:36:31 | INFO    | Epoca [03/25] - Loss Media: 0.1238
12:36:31 | INFO    | Epoca [04/25] - Loss Media: 0.0793
12:36:31 | INFO    | Epoca [05/25] - Loss Media: 0.0503
12:36:31 | INFO    | Epoca [06/25] - Loss Media: 0.0325
12:36:31 | INFO    | Epoca [07/25] - Loss Media: 0.0209
12:36:31 | INFO    | Epoca [08/25] - Loss Media: 0.0131
12:36:31 | INFO    | Epoca [09/25] - Loss Media: 0.0095
12:36:32 | INFO    | Epoca [10/25] - Loss Media: 0.0060
12:36:32 | INFO    | Epoca [11/25] - Loss Media: 0.0035
12:36:32 | INFO    | Epoca [12/25] - Loss Media: 0.0023
12:36:32 | INFO    | Epoca [13/25] - Loss Media: 0.0018
12:36:32 | INFO    | Epoca [14/25] - Loss Media: 0.0015
12:36:32 | INFO    | Epoca [15/25] - Loss Media: 0.0012
12:36:32 | INFO    | Epoca [16/25] - Loss Media: 0.0010
12:36:32 | INFO    | Epoca [17/25] - Loss Media: 0.0008
12:36:32 | INFO    | Epoca [18/25] - Loss Media: 0.0007
12:36:32 | INFO    | Epoca [19/25] - Loss Media: 0.0007
12:36:32 | INFO    | Epoca [20/25] - Loss Media: 0.0006
12:36:32 | INFO    | Epoca [21/25] - Loss Media: 0.0005
12:36:33 | INFO    | Epoca [22/25] - Loss Media: 0.0005
12:36:33 | INFO    | Epoca [23/25] - Loss Media: 0.0004
12:36:33 | INFO    | Epoca [24/25] - Loss Media: 0.0004
12:36:33 | INFO    | Epoca [25/25] - Loss Media: 0.0003
12:36:33 | INFO    | 
Pipeline Step03 summary:
- Model ID: bilstm
- HuggingFace API Key Setted: YES
- Tokenized Dataset Path: /mnt/g/File/File_Casuali/uni/magistrale/secondo_anno/NLP/NLPExam/pipeline_exam/data/processed/perizie_bio_train.tsv
- Vocabulary Path: /mnt/g/File/File_Casuali/uni/magistrale/secondo_anno/NLP/NLPExam/pipeline_exam/data/processed/vocab.pkl
- Output Model Path: /mnt/g/File/File_Casuali/uni/magistrale/secondo_anno/NLP/NLPExam/pipeline_exam/models/bilstm_model.pth
- Epochs: 25
- Batch Size: 16
- Learning Rate: 0.001
- Embedding Dim: 128
- Hidden Dim: 256
- Device: CUDA
- Logging Level: INFO
- Final Training Loss: 0.0003
