17:42:21 | INFO    | Autenticazione con Hugging Face in corso...
17:42:21 | INFO    | Scaricamento del dataset 'bigbio/bc5cdr' da Hugging Face...
Traceback (most recent call last):
  File "<frozen runpy>", line 198, in _run_module_as_main
  File "<frozen runpy>", line 88, in _run_code
  File "/mnt/g/File/File_Casuali/uni/magistrale/secondo_anno/NLP/NLPExam/pipeline_exam/src/step00_creation.py", line 19, in <module>
    main()
  File "/mnt/g/File/File_Casuali/uni/magistrale/secondo_anno/NLP/NLPExam/pipeline_exam/src/step00_creation.py", line 16, in main
    run_step00(args)
  File "/mnt/g/File/File_Casuali/uni/magistrale/secondo_anno/NLP/NLPExam/pipeline_exam/src/dataset_creation.py", line 59, in run_step00
    hf_dataset = load_dataset(args.hf_dataset)
                 ^^^^^^^^^^^^^^^^^^^^^^^^^^^^^
  File "/home/nico/.cache/pypoetry/virtualenvs/nlp-exam-mqpP9V8l-py3.12/lib/python3.12/site-packages/datasets/load.py", line 1698, in load_dataset
    builder_instance = load_dataset_builder(
                       ^^^^^^^^^^^^^^^^^^^^^
  File "/home/nico/.cache/pypoetry/virtualenvs/nlp-exam-mqpP9V8l-py3.12/lib/python3.12/site-packages/datasets/load.py", line 1325, in load_dataset_builder
    dataset_module = dataset_module_factory(
                     ^^^^^^^^^^^^^^^^^^^^^^^
  File "/home/nico/.cache/pypoetry/virtualenvs/nlp-exam-mqpP9V8l-py3.12/lib/python3.12/site-packages/datasets/load.py", line 1217, in dataset_module_factory
    raise e1 from None
  File "/home/nico/.cache/pypoetry/virtualenvs/nlp-exam-mqpP9V8l-py3.12/lib/python3.12/site-packages/datasets/load.py", line 1177, in dataset_module_factory
    raise RuntimeError(f"Dataset scripts are no longer supported, but found {filename}")
RuntimeError: Dataset scripts are no longer supported, but found bc5cdr.py
